20/2/2022 @ 13:57:13:carlhayes199825@gmail.com -> Sorry, something went wrong. Please try again.
20/2/2022 @ 13:57:33:florenceweaver2@gmail.com -> Sorry, something went wrong. Please try again.
20/2/2022 @ 13:58:25:angiemorris1999@gmail.com -> Sorry, something went wrong. Please try again.
20/2/2022 @ 13:59:38:peggybutle17@gmail.com -> Sorry, something went wrong. Please try again.
20/2/2022 @ 14:0:0:claireshaw1999@gmail.com -> Sorry, something went wrong. Please try again.
20/2/2022 @ 14:0:42:laurenrodrigue54@gmail.com -> Sorry, something went wrong. Please try again.
20/2/2022 @ 14:1:45:irmaross1979@gmail.com -> Sorry, something went wrong. Please try again.
20/2/2022 @ 14:2:7:gaylecoleman19846@gmail.com -> Sorry, something went wrong. Please try again.
20/2/2022 @ 14:2:37:Slow or unusable proxy. Try a different proxy.
20/2/2022 @ 14:11:28:Slow or unusable proxy. Try a different proxy.
20/2/2022 @ 14:13:21:Slow or unusable proxy. Try a different proxy.
20/2/2022 @ 14:14:12:Slow or unusable proxy. Try a different proxy.
25/2/2022 @ 20:34:51:'Account' file is empty. Please add accounts and proxies before continuing in the following format: username:password:proxy
25/2/2022 @ 20:35:8:'Account' file is empty. Please add accounts and proxies before continuing in the following format: username:password:proxy
25/2/2022 @ 20:35:12:'Account' file is empty. Please add accounts and proxies before continuing in the following format: username:password:proxy
25/2/2022 @ 20:35:19:'Account' file is empty. Please add accounts and proxies before continuing in the following format: username:password:proxy
25/2/2022 @ 20:36:0:'Account' file is empty. Please add accounts and proxies before continuing in the following format: username:password:proxy
25/2/2022 @ 20:57:32:'Account' file is empty. Please add accounts and proxies before continuing in the following format: username:password:proxy
27/2/2022 @ 14:44:58:'Account' file is empty. Please add accounts and proxies before continuing in the following format: username:password:proxy
27/2/2022 @ 14:45:14:'Account' file is empty. Please add accounts and proxies before continuing in the following format: username:password:proxy
28/2/2022 @ 11:44:38:'Account' file is empty. Please add accounts and proxies before continuing in the following format: username:password:proxy
11/3/2022 @ 13:47:3:'Account' file is empty. Please add accounts and proxies before continuing in the following format: username:password:proxy
11/3/2022 @ 13:48:53:'Account' file is empty. Please add accounts and proxies before continuing in the following format: username:password:proxy
11/3/2022 @ 13:58:49:'Account' file is empty. Please add accounts and proxies before continuing in the following format: username:password:proxy
21/3/2022 @ 11:40:10:'Account' file is empty. Please add accounts and proxies before continuing in the following format: username:password:proxy
21/3/2022 @ 11:40:16:'Account' file is empty. Please add accounts and proxies before continuing in the following format: username:password:proxy
28/3/2022 @ 10:56:55:'Account' file is empty. Please add accounts and proxies before continuing in the following format: username:password:proxy
28/3/2022 @ 11:44:32:'Account' file is empty. Please add accounts and proxies before continuing in the following format: username:password:proxy
28/3/2022 @ 12:10:17:'Account' file is empty. Please add accounts and proxies before continuing in the following format: username:password:proxy
